// Jest Snapshot v1, https://goo.gl/fbAQLP

exports[`Responsive changes the text after click rendered without Crash 1`] = `ShallowWrapper {}`;
